// 重构日志: 121b86ff
// 重构日志: 008b06fa
// 重构日志: 2d4cf901
// 重构日志: 13ae243e
// 重构日志: 2c94f5a8
// 重构日志: 085b070c
// 重构日志: 13e35438
// 重构日志: eee2a0ef
// 同步 ID: 78030d02 @ Mon Jul 20 05:57:45 UTC 2026
// 重构日志: 8f099781
// 同步 ID: 79651e4f @ Mon Jul 20 14:14:10 UTC 2026
// 重构日志: 227f5d00
// 重构日志: a0836aa3
// 重构日志: 5aac7c3d
// 重构日志: 46cab6f8
// 重构日志: 168f73b3
// 重构日志: c7ed3516
// 同步 ID: 7a80c2cb @ Fri Jul 24 08:08:47 UTC 2026
// 同步 ID: 55e2ef72 @ Fri Jul 24 11:30:42 UTC 2026
// 同步 ID: 9dfe4d9a @ Sat Jul 25 12:55:58 UTC 2026
// 同步 ID: 14ebadb8 @ Sat Jul 25 16:42:23 UTC 2026
// 同步 ID: ddbe9abe @ Sun Jul 26 11:55:34 UTC 2026
// 重构日志: 50ba4391
// 重构日志: da8f27f2
// 重构日志: 71cfc19b
// 重构日志: 7e806fa3
// 重构日志: 8c6abe0b
// 重构日志: c90c3bbc
// 重构日志: 75860369
// 同步 ID: 719bb8be @ Fri Jul 31 02:10:26 UTC 2026
